### BTest baseline data generated by btest-diff. Do not edit. Use "btest -U/-u" to update. Requires BTest >= 0.63.
### NOTE: This file has been sorted with diff-sort.
ah_message_over_ip [l2=[encap=LINK_ETHERNET, len=194, cap_len=194, src=c2:00:57:75:00:00, dst=c2:01:57:75:00:00, vlan=<uninitialized>, inner_vlan=<uninitialized>, eth_type=2048, proto=L3_IPV4], ip=[hl=20, tos=0, len=180, id=107, DF=F, MF=F, offset=0, ttl=255, p=51, sum=42665, src=10.0.0.1, dst=10.0.0.2], ip6=<uninitialized>, tcp=<uninitialized>, udp=<uninitialized>, icmp=<uninitialized>]2172237573112
ah_message_over_ip [l2=[encap=LINK_ETHERNET, len=194, cap_len=194, src=c2:00:57:75:00:00, dst=c2:01:57:75:00:00, vlan=<uninitialized>, inner_vlan=<uninitialized>, eth_type=2048, proto=L3_IPV4], ip=[hl=20, tos=0, len=180, id=109, DF=F, MF=F, offset=0, ttl=255, p=51, sum=42663, src=10.0.0.1, dst=10.0.0.2], ip6=<uninitialized>, tcp=<uninitialized>, udp=<uninitialized>, icmp=<uninitialized>]2172237573212
ah_message_over_ip [l2=[encap=LINK_ETHERNET, len=194, cap_len=194, src=c2:00:57:75:00:00, dst=c2:01:57:75:00:00, vlan=<uninitialized>, inner_vlan=<uninitialized>, eth_type=2048, proto=L3_IPV4], ip=[hl=20, tos=0, len=180, id=111, DF=F, MF=F, offset=0, ttl=255, p=51, sum=42661, src=10.0.0.1, dst=10.0.0.2], ip6=<uninitialized>, tcp=<uninitialized>, udp=<uninitialized>, icmp=<uninitialized>]2172237573312
ah_message_over_ip [l2=[encap=LINK_ETHERNET, len=194, cap_len=194, src=c2:00:57:75:00:00, dst=c2:01:57:75:00:00, vlan=<uninitialized>, inner_vlan=<uninitialized>, eth_type=2048, proto=L3_IPV4], ip=[hl=20, tos=0, len=180, id=113, DF=F, MF=F, offset=0, ttl=255, p=51, sum=42659, src=10.0.0.1, dst=10.0.0.2], ip6=<uninitialized>, tcp=<uninitialized>, udp=<uninitialized>, icmp=<uninitialized>]2172237573412
ah_message_over_ip [l2=[encap=LINK_ETHERNET, len=194, cap_len=194, src=c2:00:57:75:00:00, dst=c2:01:57:75:00:00, vlan=<uninitialized>, inner_vlan=<uninitialized>, eth_type=2048, proto=L3_IPV4], ip=[hl=20, tos=0, len=180, id=115, DF=F, MF=F, offset=0, ttl=255, p=51, sum=42657, src=10.0.0.1, dst=10.0.0.2], ip6=<uninitialized>, tcp=<uninitialized>, udp=<uninitialized>, icmp=<uninitialized>]2172237573512
ah_message_over_ip [l2=[encap=LINK_ETHERNET, len=194, cap_len=194, src=c2:01:57:75:00:00, dst=c2:00:57:75:00:00, vlan=<uninitialized>, inner_vlan=<uninitialized>, eth_type=2048, proto=L3_IPV4], ip=[hl=20, tos=0, len=180, id=54, DF=F, MF=F, offset=0, ttl=255, p=51, sum=42718, src=10.0.0.2, dst=10.0.0.1], ip6=<uninitialized>, tcp=<uninitialized>, udp=<uninitialized>, icmp=<uninitialized>]3129725024112
ah_message_over_ip [l2=[encap=LINK_ETHERNET, len=194, cap_len=194, src=c2:01:57:75:00:00, dst=c2:00:57:75:00:00, vlan=<uninitialized>, inner_vlan=<uninitialized>, eth_type=2048, proto=L3_IPV4], ip=[hl=20, tos=0, len=180, id=56, DF=F, MF=F, offset=0, ttl=255, p=51, sum=42716, src=10.0.0.2, dst=10.0.0.1], ip6=<uninitialized>, tcp=<uninitialized>, udp=<uninitialized>, icmp=<uninitialized>]3129725024212
ah_message_over_ip [l2=[encap=LINK_ETHERNET, len=194, cap_len=194, src=c2:01:57:75:00:00, dst=c2:00:57:75:00:00, vlan=<uninitialized>, inner_vlan=<uninitialized>, eth_type=2048, proto=L3_IPV4], ip=[hl=20, tos=0, len=180, id=58, DF=F, MF=F, offset=0, ttl=255, p=51, sum=42714, src=10.0.0.2, dst=10.0.0.1], ip6=<uninitialized>, tcp=<uninitialized>, udp=<uninitialized>, icmp=<uninitialized>]3129725024312
ah_message_over_ip [l2=[encap=LINK_ETHERNET, len=194, cap_len=194, src=c2:01:57:75:00:00, dst=c2:00:57:75:00:00, vlan=<uninitialized>, inner_vlan=<uninitialized>, eth_type=2048, proto=L3_IPV4], ip=[hl=20, tos=0, len=180, id=60, DF=F, MF=F, offset=0, ttl=255, p=51, sum=42712, src=10.0.0.2, dst=10.0.0.1], ip6=<uninitialized>, tcp=<uninitialized>, udp=<uninitialized>, icmp=<uninitialized>]3129725024412
ah_message_over_ip [l2=[encap=LINK_ETHERNET, len=194, cap_len=194, src=c2:01:57:75:00:00, dst=c2:00:57:75:00:00, vlan=<uninitialized>, inner_vlan=<uninitialized>, eth_type=2048, proto=L3_IPV4], ip=[hl=20, tos=0, len=180, id=62, DF=F, MF=F, offset=0, ttl=255, p=51, sum=42710, src=10.0.0.2, dst=10.0.0.1], ip6=<uninitialized>, tcp=<uninitialized>, udp=<uninitialized>, icmp=<uninitialized>]3129725024512
esp_message_over_ip [l2=[encap=LINK_ETHERNET, len=194, cap_len=194, src=c2:00:57:75:00:00, dst=c2:01:57:75:00:00, vlan=<uninitialized>, inner_vlan=<uninitialized>, eth_type=2048, proto=L3_IPV4], ip=[hl=20, tos=0, len=180, id=107, DF=F, MF=F, offset=0, ttl=255, p=51, sum=42665, src=10.0.0.1, dst=10.0.0.2], ip6=<uninitialized>, tcp=<uninitialized>, udp=<uninitialized>, icmp=<uninitialized>]66792669338292300034
esp_message_over_ip [l2=[encap=LINK_ETHERNET, len=194, cap_len=194, src=c2:00:57:75:00:00, dst=c2:01:57:75:00:00, vlan=<uninitialized>, inner_vlan=<uninitialized>, eth_type=2048, proto=L3_IPV4], ip=[hl=20, tos=0, len=180, id=109, DF=F, MF=F, offset=0, ttl=255, p=51, sum=42663, src=10.0.0.1, dst=10.0.0.2], ip6=<uninitialized>, tcp=<uninitialized>, udp=<uninitialized>, icmp=<uninitialized>]29538248093014555184
esp_message_over_ip [l2=[encap=LINK_ETHERNET, len=194, cap_len=194, src=c2:00:57:75:00:00, dst=c2:01:57:75:00:00, vlan=<uninitialized>, inner_vlan=<uninitialized>, eth_type=2048, proto=L3_IPV4], ip=[hl=20, tos=0, len=180, id=111, DF=F, MF=F, offset=0, ttl=255, p=51, sum=42661, src=10.0.0.1, dst=10.0.0.2], ip6=<uninitialized>, tcp=<uninitialized>, udp=<uninitialized>, icmp=<uninitialized>]164746782227062780594
esp_message_over_ip [l2=[encap=LINK_ETHERNET, len=194, cap_len=194, src=c2:00:57:75:00:00, dst=c2:01:57:75:00:00, vlan=<uninitialized>, inner_vlan=<uninitialized>, eth_type=2048, proto=L3_IPV4], ip=[hl=20, tos=0, len=180, id=113, DF=F, MF=F, offset=0, ttl=255, p=51, sum=42659, src=10.0.0.1, dst=10.0.0.2], ip6=<uninitialized>, tcp=<uninitialized>, udp=<uninitialized>, icmp=<uninitialized>]331516134731499796314
esp_message_over_ip [l2=[encap=LINK_ETHERNET, len=194, cap_len=194, src=c2:00:57:75:00:00, dst=c2:01:57:75:00:00, vlan=<uninitialized>, inner_vlan=<uninitialized>, eth_type=2048, proto=L3_IPV4], ip=[hl=20, tos=0, len=180, id=115, DF=F, MF=F, offset=0, ttl=255, p=51, sum=42657, src=10.0.0.1, dst=10.0.0.2], ip6=<uninitialized>, tcp=<uninitialized>, udp=<uninitialized>, icmp=<uninitialized>]35424969585790787704
esp_message_over_ip [l2=[encap=LINK_ETHERNET, len=194, cap_len=194, src=c2:01:57:75:00:00, dst=c2:00:57:75:00:00, vlan=<uninitialized>, inner_vlan=<uninitialized>, eth_type=2048, proto=L3_IPV4], ip=[hl=20, tos=0, len=180, id=54, DF=F, MF=F, offset=0, ttl=255, p=51, sum=42718, src=10.0.0.2, dst=10.0.0.1], ip6=<uninitialized>, tcp=<uninitialized>, udp=<uninitialized>, icmp=<uninitialized>]294983465719432184434
esp_message_over_ip [l2=[encap=LINK_ETHERNET, len=194, cap_len=194, src=c2:01:57:75:00:00, dst=c2:00:57:75:00:00, vlan=<uninitialized>, inner_vlan=<uninitialized>, eth_type=2048, proto=L3_IPV4], ip=[hl=20, tos=0, len=180, id=56, DF=F, MF=F, offset=0, ttl=255, p=51, sum=42716, src=10.0.0.2, dst=10.0.0.1], ip6=<uninitialized>, tcp=<uninitialized>, udp=<uninitialized>, icmp=<uninitialized>]248979164322407021504
esp_message_over_ip [l2=[encap=LINK_ETHERNET, len=194, cap_len=194, src=c2:01:57:75:00:00, dst=c2:00:57:75:00:00, vlan=<uninitialized>, inner_vlan=<uninitialized>, eth_type=2048, proto=L3_IPV4], ip=[hl=20, tos=0, len=180, id=58, DF=F, MF=F, offset=0, ttl=255, p=51, sum=42714, src=10.0.0.2, dst=10.0.0.1], ip6=<uninitialized>, tcp=<uninitialized>, udp=<uninitialized>, icmp=<uninitialized>]70551446036289455354
esp_message_over_ip [l2=[encap=LINK_ETHERNET, len=194, cap_len=194, src=c2:01:57:75:00:00, dst=c2:00:57:75:00:00, vlan=<uninitialized>, inner_vlan=<uninitialized>, eth_type=2048, proto=L3_IPV4], ip=[hl=20, tos=0, len=180, id=60, DF=F, MF=F, offset=0, ttl=255, p=51, sum=42712, src=10.0.0.2, dst=10.0.0.1], ip6=<uninitialized>, tcp=<uninitialized>, udp=<uninitialized>, icmp=<uninitialized>]81346653026988575314
esp_message_over_ip [l2=[encap=LINK_ETHERNET, len=194, cap_len=194, src=c2:01:57:75:00:00, dst=c2:00:57:75:00:00, vlan=<uninitialized>, inner_vlan=<uninitialized>, eth_type=2048, proto=L3_IPV4], ip=[hl=20, tos=0, len=180, id=62, DF=F, MF=F, offset=0, ttl=255, p=51, sum=42710, src=10.0.0.2, dst=10.0.0.1], ip6=<uninitialized>, tcp=<uninitialized>, udp=<uninitialized>, icmp=<uninitialized>]2386837369185291524
