### BTest baseline data generated by btest-diff. Do not edit. Use "btest -U/-u" to update. Requires BTest >= 0.63.
### NOTE: This file has been sorted with diff-sort.
esp_message_over_ip 192.168.140.200192.168.140.205142161243184
esp_message_over_ip 192.168.140.200192.168.140.205142161243284
esp_message_over_ip 192.168.140.200192.168.140.205142161243384
esp_message_over_ip 192.168.140.200192.168.140.205142161243476
esp_message_over_ip 192.168.140.200192.168.140.2051421612435300
esp_message_over_ip 192.168.140.200192.168.140.2051421612436300
esp_message_over_ip 192.168.140.200192.168.140.205142161243784
esp_message_over_ip 192.168.140.205192.168.140.200470645560184
esp_message_over_ip 192.168.140.205192.168.140.200470645560284
esp_message_over_ip 192.168.140.205192.168.140.200470645560384
esp_message_over_ip 192.168.140.205192.168.140.200470645560476
esp_message_over_ip 192.168.140.205192.168.140.200470645560568
esp_message_over_ip 192.168.140.205192.168.140.2004706455606492
esp_message_over_ip 192.168.140.205192.168.140.2004706455607508
esp_message_over_ip 192.168.140.205192.168.140.200470645560884
esp_message_over_ip 192.168.140.205192.168.140.200470645560968
ike_data_attribute F[orig_h=192.168.140.205, orig_p=500/udp, resp_h=192.168.140.200, resp_p=500/udp][message_id=0, proposal_num=0, transform_id=1, AF=T, attribute_type=1, attribute_val=\x00\x05]
ike_data_attribute F[orig_h=192.168.140.205, orig_p=500/udp, resp_h=192.168.140.200, resp_p=500/udp][message_id=0, proposal_num=0, transform_id=1, AF=T, attribute_type=1, attribute_val=\x00\x05]
ike_data_attribute F[orig_h=192.168.140.205, orig_p=500/udp, resp_h=192.168.140.200, resp_p=500/udp][message_id=0, proposal_num=0, transform_id=1, AF=T, attribute_type=11, attribute_val=\x00\x01]
ike_data_attribute F[orig_h=192.168.140.205, orig_p=500/udp, resp_h=192.168.140.200, resp_p=500/udp][message_id=0, proposal_num=0, transform_id=1, AF=T, attribute_type=11, attribute_val=\x00\x01]
ike_data_attribute F[orig_h=192.168.140.205, orig_p=500/udp, resp_h=192.168.140.200, resp_p=500/udp][message_id=0, proposal_num=0, transform_id=1, AF=T, attribute_type=12, attribute_val=\x1ex]
ike_data_attribute F[orig_h=192.168.140.205, orig_p=500/udp, resp_h=192.168.140.200, resp_p=500/udp][message_id=0, proposal_num=0, transform_id=1, AF=T, attribute_type=12, attribute_val=\x1ex]
ike_data_attribute F[orig_h=192.168.140.205, orig_p=500/udp, resp_h=192.168.140.200, resp_p=500/udp][message_id=0, proposal_num=0, transform_id=1, AF=T, attribute_type=2, attribute_val=\x00\x02]
ike_data_attribute F[orig_h=192.168.140.205, orig_p=500/udp, resp_h=192.168.140.200, resp_p=500/udp][message_id=0, proposal_num=0, transform_id=1, AF=T, attribute_type=2, attribute_val=\x00\x02]
ike_data_attribute F[orig_h=192.168.140.205, orig_p=500/udp, resp_h=192.168.140.200, resp_p=500/udp][message_id=0, proposal_num=0, transform_id=1, AF=T, attribute_type=3, attribute_val=\x00\x01]
ike_data_attribute F[orig_h=192.168.140.205, orig_p=500/udp, resp_h=192.168.140.200, resp_p=500/udp][message_id=0, proposal_num=0, transform_id=1, AF=T, attribute_type=3, attribute_val=\x00\x01]
ike_data_attribute F[orig_h=192.168.140.205, orig_p=500/udp, resp_h=192.168.140.200, resp_p=500/udp][message_id=0, proposal_num=0, transform_id=1, AF=T, attribute_type=4, attribute_val=\x00\x02]
ike_data_attribute F[orig_h=192.168.140.205, orig_p=500/udp, resp_h=192.168.140.200, resp_p=500/udp][message_id=0, proposal_num=0, transform_id=1, AF=T, attribute_type=4, attribute_val=\x00\x02]
ike_data_attribute T[orig_h=192.168.140.205, orig_p=500/udp, resp_h=192.168.140.200, resp_p=500/udp][message_id=0, proposal_num=0, transform_id=1, AF=T, attribute_type=1, attribute_val=\x00\x05]
ike_data_attribute T[orig_h=192.168.140.205, orig_p=500/udp, resp_h=192.168.140.200, resp_p=500/udp][message_id=0, proposal_num=0, transform_id=1, AF=T, attribute_type=11, attribute_val=\x00\x01]
ike_data_attribute T[orig_h=192.168.140.205, orig_p=500/udp, resp_h=192.168.140.200, resp_p=500/udp][message_id=0, proposal_num=0, transform_id=1, AF=T, attribute_type=12, attribute_val=\x1ex]
ike_data_attribute T[orig_h=192.168.140.205, orig_p=500/udp, resp_h=192.168.140.200, resp_p=500/udp][message_id=0, proposal_num=0, transform_id=1, AF=T, attribute_type=2, attribute_val=\x00\x02]
ike_data_attribute T[orig_h=192.168.140.205, orig_p=500/udp, resp_h=192.168.140.200, resp_p=500/udp][message_id=0, proposal_num=0, transform_id=1, AF=T, attribute_type=3, attribute_val=\x00\x01]
ike_data_attribute T[orig_h=192.168.140.205, orig_p=500/udp, resp_h=192.168.140.200, resp_p=500/udp][message_id=0, proposal_num=0, transform_id=1, AF=T, attribute_type=4, attribute_val=\x00\x02]
ike_message F[orig_h=192.168.140.205, orig_p=500/udp, resp_h=192.168.140.200, resp_p=500/udp][initiator_spi=\xc6\xd1E\x92\x85\x15\x0c~, responder_spi=n\x96\x1f\x01\xbf\x17\x9b5, next_payload=1, maj_ver=1, min_ver=0, exchange_type=2, flag_e=F, flag_c=F, flag_a=F, flag_i=F, flag_v=F, flag_r=F, message_id=0, length=172]
ike_message F[orig_h=192.168.140.205, orig_p=500/udp, resp_h=192.168.140.200, resp_p=500/udp][initiator_spi=\xc6\xd1E\x92\x85\x15\x0c~, responder_spi=n\x96\x1f\x01\xbf\x17\x9b5, next_payload=1, maj_ver=1, min_ver=0, exchange_type=2, flag_e=F, flag_c=F, flag_a=F, flag_i=F, flag_v=F, flag_r=F, message_id=0, length=172]
ike_message F[orig_h=192.168.140.205, orig_p=500/udp, resp_h=192.168.140.200, resp_p=500/udp][initiator_spi=\xc6\xd1E\x92\x85\x15\x0c~, responder_spi=n\x96\x1f\x01\xbf\x17\x9b5, next_payload=4, maj_ver=1, min_ver=0, exchange_type=2, flag_e=F, flag_c=F, flag_a=F, flag_i=F, flag_v=F, flag_r=F, message_id=0, length=228]
ike_message F[orig_h=192.168.140.205, orig_p=500/udp, resp_h=192.168.140.200, resp_p=500/udp][initiator_spi=\xc6\xd1E\x92\x85\x15\x0c~, responder_spi=n\x96\x1f\x01\xbf\x17\x9b5, next_payload=5, maj_ver=1, min_ver=0, exchange_type=2, flag_e=T, flag_c=F, flag_a=F, flag_i=F, flag_v=F, flag_r=F, message_id=0, length=68]
ike_message F[orig_h=192.168.140.205, orig_p=500/udp, resp_h=192.168.140.200, resp_p=500/udp][initiator_spi=\xc6\xd1E\x92\x85\x15\x0c~, responder_spi=n\x96\x1f\x01\xbf\x17\x9b5, next_payload=8, maj_ver=1, min_ver=0, exchange_type=32, flag_e=T, flag_c=F, flag_a=F, flag_i=F, flag_v=F, flag_r=F, message_id=572501820, length=156]
ike_message T[orig_h=192.168.140.205, orig_p=500/udp, resp_h=192.168.140.200, resp_p=500/udp][initiator_spi=\xc6\xd1E\x92\x85\x15\x0c~, responder_spi=\x00\x00\x00\x00\x00\x00\x00\x00, next_payload=1, maj_ver=1, min_ver=0, exchange_type=2, flag_e=F, flag_c=F, flag_a=F, flag_i=F, flag_v=F, flag_r=F, message_id=0, length=252]
ike_message T[orig_h=192.168.140.205, orig_p=500/udp, resp_h=192.168.140.200, resp_p=500/udp][initiator_spi=\xc6\xd1E\x92\x85\x15\x0c~, responder_spi=\x00\x00\x00\x00\x00\x00\x00\x00, next_payload=11, maj_ver=1, min_ver=0, exchange_type=5, flag_e=F, flag_c=F, flag_a=F, flag_i=F, flag_v=F, flag_r=F, message_id=0, length=40]
ike_message T[orig_h=192.168.140.205, orig_p=500/udp, resp_h=192.168.140.200, resp_p=500/udp][initiator_spi=\xc6\xd1E\x92\x85\x15\x0c~, responder_spi=n\x96\x1f\x01\xbf\x17\x9b5, next_payload=4, maj_ver=1, min_ver=0, exchange_type=2, flag_e=F, flag_c=F, flag_a=F, flag_i=F, flag_v=F, flag_r=F, message_id=0, length=228]
ike_message T[orig_h=192.168.140.205, orig_p=500/udp, resp_h=192.168.140.200, resp_p=500/udp][initiator_spi=\xc6\xd1E\x92\x85\x15\x0c~, responder_spi=n\x96\x1f\x01\xbf\x17\x9b5, next_payload=5, maj_ver=1, min_ver=0, exchange_type=2, flag_e=T, flag_c=F, flag_a=F, flag_i=F, flag_v=F, flag_r=F, message_id=0, length=68]
ike_message T[orig_h=192.168.140.205, orig_p=500/udp, resp_h=192.168.140.200, resp_p=500/udp][initiator_spi=\xc6\xd1E\x92\x85\x15\x0c~, responder_spi=n\x96\x1f\x01\xbf\x17\x9b5, next_payload=8, maj_ver=1, min_ver=0, exchange_type=32, flag_e=T, flag_c=F, flag_a=F, flag_i=F, flag_v=F, flag_r=F, message_id=572501820, length=156]
ike_message T[orig_h=192.168.140.205, orig_p=500/udp, resp_h=192.168.140.200, resp_p=500/udp][initiator_spi=\xc6\xd1E\x92\x85\x15\x0c~, responder_spi=n\x96\x1f\x01\xbf\x17\x9b5, next_payload=8, maj_ver=1, min_ver=0, exchange_type=32, flag_e=T, flag_c=F, flag_a=F, flag_i=F, flag_v=F, flag_r=F, message_id=572501820, length=52]
